2026-08-06 13:53:10 - Logfile gestartet für Modell: models/finetune-10-1e-05-sst.pt
2026-08-06 13:53:11 - ------------------------------
2026-08-06 13:53:11 -     BERT Model Configuration
2026-08-06 13:53:11 - ------------------------------
2026-08-06 13:53:11 - {'batch_size': 64,
 'epochs': 10,
 'filepath': 'models/finetune-10-1e-05-sst.pt',
 'hidden_dropout_prob': 0.1,
 'local_files_only': True,
 'lr': 1e-05,
 'option': 'finetune',
 'seed': 11711,
 'task': 'sst',
 'use_gpu': True}
2026-08-06 13:53:11 - ------------------------------
2026-08-06 13:53:43 - Epoch 01 (sst): train loss :: 1.577, train :: 0.448, dev :: 0.421
2026-08-06 13:53:45 - Saving the model to models/finetune-10-1e-05-sst.pt.
2026-08-06 13:54:12 - Epoch 02 (sst): train loss :: 1.311, train :: 0.499, dev :: 0.455
2026-08-06 13:54:14 - Saving the model to models/finetune-10-1e-05-sst.pt.
2026-08-06 13:54:41 - Epoch 03 (sst): train loss :: 1.148, train :: 0.559, dev :: 0.448
2026-08-06 13:55:08 - Epoch 04 (sst): train loss :: 1.046, train :: 0.606, dev :: 0.461
2026-08-06 13:55:10 - Saving the model to models/finetune-10-1e-05-sst.pt.
2026-08-06 13:55:37 - Epoch 05 (sst): train loss :: 0.953, train :: 0.658, dev :: 0.485
2026-08-06 13:55:39 - Saving the model to models/finetune-10-1e-05-sst.pt.
2026-08-06 13:56:06 - Epoch 06 (sst): train loss :: 0.883, train :: 0.727, dev :: 0.524
2026-08-06 13:56:08 - Saving the model to models/finetune-10-1e-05-sst.pt.
2026-08-06 13:56:35 - Epoch 07 (sst): train loss :: 0.821, train :: 0.748, dev :: 0.525
2026-08-06 13:56:36 - Saving the model to models/finetune-10-1e-05-sst.pt.
2026-08-06 13:57:03 - Epoch 08 (sst): train loss :: 0.771, train :: 0.779, dev :: 0.520
2026-08-06 13:57:30 - Epoch 09 (sst): train loss :: 0.739, train :: 0.788, dev :: 0.517
2026-08-06 13:57:57 - Epoch 10 (sst): train loss :: 0.705, train :: 0.786, dev :: 0.516
2026-08-06 13:58:01 - Loaded model to test from models/finetune-10-1e-05-sst.pt
