2026-08-31 18:10:47 - Logfile gestartet für Modell: models/finetune-10-1e-05-sst.pt
2026-08-31 18:10:49 - ------------------------------
2026-08-31 18:10:49 -     BERT Model Configuration
2026-08-31 18:10:49 - ------------------------------
2026-08-31 18:10:49 - {'batch_size': 64,
 'classifier_dropout': 0.3,
 'epochs': 10,
 'filepath': 'models/finetune-10-1e-05-sst.pt',
 'hidden_dropout_prob': 0.1,
 'label_smoothing': 0.3,
 'local_files_only': True,
 'lr': 1e-05,
 'option': 'finetune',
 'seed': 11711,
 'task': 'sst',
 'use_gpu': True,
 'warmup_ratio': 0.1,
 'weight_decay': 0.01}
2026-08-31 18:10:49 - ------------------------------
2026-08-31 18:11:19 - Epoch 01 (sst): train loss :: 1.587, train :: 0.455, dev :: 0.436
2026-08-31 18:11:21 - Saving the model to models/finetune-10-1e-05-sst.pt.
2026-08-31 18:11:48 - Epoch 02 (sst): train loss :: 1.455, train :: 0.492, dev :: 0.455
2026-08-31 18:11:50 - Saving the model to models/finetune-10-1e-05-sst.pt.
2026-08-31 18:12:17 - Epoch 03 (sst): train loss :: 1.397, train :: 0.541, dev :: 0.456
2026-08-31 18:12:19 - Saving the model to models/finetune-10-1e-05-sst.pt.
2026-08-31 18:12:46 - Epoch 04 (sst): train loss :: 1.359, train :: 0.625, dev :: 0.514
2026-08-31 18:12:48 - Saving the model to models/finetune-10-1e-05-sst.pt.
2026-08-31 18:13:15 - Epoch 05 (sst): train loss :: 1.322, train :: 0.685, dev :: 0.522
2026-08-31 18:13:17 - Saving the model to models/finetune-10-1e-05-sst.pt.
2026-08-31 18:13:44 - Epoch 06 (sst): train loss :: 1.292, train :: 0.711, dev :: 0.519
2026-08-31 18:14:11 - Epoch 07 (sst): train loss :: 1.266, train :: 0.743, dev :: 0.515
2026-08-31 18:14:38 - Epoch 08 (sst): train loss :: 1.242, train :: 0.774, dev :: 0.516
2026-08-31 18:15:05 - Epoch 09 (sst): train loss :: 1.225, train :: 0.788, dev :: 0.516
2026-08-31 18:15:32 - Epoch 10 (sst): train loss :: 1.212, train :: 0.791, dev :: 0.514
2026-08-31 18:15:35 - Loaded model to test from models/finetune-10-1e-05-sst.pt
