2026-07-30 17:41:01 - Logfile gestartet für Modell: models/finetune-10-1e-05-sst.pt
2026-07-30 17:41:02 - ------------------------------
2026-07-30 17:41:02 -     BERT Model Configuration
2026-07-30 17:41:02 - ------------------------------
2026-07-30 17:41:02 - {'batch_size': 64,
 'epochs': 10,
 'filepath': 'models/finetune-10-1e-05-sst.pt',
 'hidden_dropout_prob': 0.1,
 'local_files_only': True,
 'lr': 1e-05,
 'option': 'finetune',
 'seed': 11711,
 'task': 'sst',
 'use_gpu': True}
2026-07-30 17:41:02 - ------------------------------
2026-07-30 17:41:37 - Epoch 01 (sst): train loss :: 1.450, train :: 0.504, dev :: 0.478
2026-07-30 17:41:39 - Saving the model to models/finetune-10-1e-05-sst.pt.
2026-07-30 17:42:06 - Epoch 02 (sst): train loss :: 1.127, train :: 0.600, dev :: 0.512
2026-07-30 17:42:08 - Saving the model to models/finetune-10-1e-05-sst.pt.
2026-07-30 17:42:35 - Epoch 03 (sst): train loss :: 0.981, train :: 0.661, dev :: 0.513
2026-07-30 17:42:37 - Saving the model to models/finetune-10-1e-05-sst.pt.
2026-07-30 17:43:04 - Epoch 04 (sst): train loss :: 0.856, train :: 0.730, dev :: 0.517
2026-07-30 17:43:05 - Saving the model to models/finetune-10-1e-05-sst.pt.
2026-07-30 17:43:32 - Epoch 05 (sst): train loss :: 0.744, train :: 0.818, dev :: 0.519
2026-07-30 17:43:34 - Saving the model to models/finetune-10-1e-05-sst.pt.
2026-07-30 17:44:01 - Epoch 06 (sst): train loss :: 0.634, train :: 0.871, dev :: 0.504
2026-07-30 17:44:28 - Epoch 07 (sst): train loss :: 0.538, train :: 0.896, dev :: 0.502
2026-07-30 17:44:55 - Epoch 08 (sst): train loss :: 0.429, train :: 0.927, dev :: 0.504
2026-07-30 17:45:22 - Epoch 09 (sst): train loss :: 0.354, train :: 0.920, dev :: 0.496
2026-07-30 17:45:49 - Epoch 10 (sst): train loss :: 0.279, train :: 0.945, dev :: 0.493
2026-07-30 17:45:51 - Loaded model to test from models/finetune-10-1e-05-sst.pt
