2026-09-05 16:54:07 - Logfile gestartet für Modell: models/testpretrainingyelpfinetune-10-2e-05-sst.pt
2026-09-05 16:54:09 - ------------------------------
2026-09-05 16:54:09 -     BERT Model Configuration
2026-09-05 16:54:09 - ------------------------------
2026-09-05 16:54:09 - {'allnli': False,
 'batch_size': 16,
 'classifier_dropout': 0.0,
 'epochs': 10,
 'filepath': 'models/testpretrainingyelpfinetune-10-2e-05-sst.pt',
 'hidden_dropout_prob': 0.3,
 'label_smoothing': 0.0,
 'local_files_only': True,
 'lr': 2e-05,
 'option': 'finetune',
 'seed': 11711,
 'task': 'sst',
 'use_gpu': True,
 'warmup_ratio': 0.0,
 'weight_decay': 0.0,
 'yelp': False}
2026-09-05 16:54:09 - ------------------------------
2026-09-05 16:54:47 - Epoch 01 (sst): train loss :: 1.287, train :: 0.578, dev :: 0.509
2026-09-05 16:54:49 - Saving the model to models/testpretrainingyelpfinetune-10-2e-05-sst.pt.
2026-09-05 16:55:22 - Epoch 02 (sst): train loss :: 0.982, train :: 0.714, dev :: 0.507
2026-09-05 16:55:55 - Epoch 03 (sst): train loss :: 0.756, train :: 0.838, dev :: 0.506
2026-09-05 16:56:28 - Epoch 04 (sst): train loss :: 0.559, train :: 0.898, dev :: 0.523
2026-09-05 16:56:30 - Saving the model to models/testpretrainingyelpfinetune-10-2e-05-sst.pt.
2026-09-05 16:57:03 - Epoch 05 (sst): train loss :: 0.394, train :: 0.941, dev :: 0.511
2026-09-05 16:57:37 - Epoch 06 (sst): train loss :: 0.264, train :: 0.963, dev :: 0.515
2026-09-05 16:58:10 - Epoch 07 (sst): train loss :: 0.187, train :: 0.979, dev :: 0.512
2026-09-05 16:58:43 - Epoch 08 (sst): train loss :: 0.134, train :: 0.986, dev :: 0.504
2026-09-05 16:59:16 - Epoch 09 (sst): train loss :: 0.106, train :: 0.989, dev :: 0.505
2026-09-05 16:59:49 - Epoch 10 (sst): train loss :: 0.084, train :: 0.989, dev :: 0.512
2026-09-05 16:59:52 - Loaded model to test from models/testpretrainingyelpfinetune-10-2e-05-sst.pt
