2026-07-31 14:07:25 - Logfile gestartet für Modell: models/finetune-10-1e-05-sst.pt
2026-07-31 14:07:27 - ------------------------------
2026-07-31 14:07:27 -     BERT Model Configuration
2026-07-31 14:07:27 - ------------------------------
2026-07-31 14:07:27 - {'batch_size': 64,
 'epochs': 10,
 'filepath': 'models/finetune-10-1e-05-sst.pt',
 'hidden_dropout_prob': 0.1,
 'local_files_only': True,
 'lr': 1e-05,
 'option': 'finetune',
 'seed': 11711,
 'task': 'sst',
 'use_gpu': True}
2026-07-31 14:07:27 - ------------------------------
2026-07-31 14:07:59 - Epoch 01 (sst): train loss :: 1.591, train :: 0.381, dev :: 0.367
2026-07-31 14:08:01 - Saving the model to models/finetune-10-1e-05-sst.pt.
2026-07-31 14:08:28 - Epoch 02 (sst): train loss :: 1.402, train :: 0.487, dev :: 0.444
2026-07-31 14:08:30 - Saving the model to models/finetune-10-1e-05-sst.pt.
2026-07-31 14:08:57 - Epoch 03 (sst): train loss :: 1.167, train :: 0.572, dev :: 0.501
2026-07-31 14:08:58 - Saving the model to models/finetune-10-1e-05-sst.pt.
2026-07-31 14:09:25 - Epoch 04 (sst): train loss :: 1.032, train :: 0.650, dev :: 0.517
2026-07-31 14:09:27 - Saving the model to models/finetune-10-1e-05-sst.pt.
2026-07-31 14:09:54 - Epoch 05 (sst): train loss :: 0.932, train :: 0.691, dev :: 0.523
2026-07-31 14:09:56 - Saving the model to models/finetune-10-1e-05-sst.pt.
2026-07-31 14:10:23 - Epoch 06 (sst): train loss :: 0.872, train :: 0.747, dev :: 0.519
2026-07-31 14:10:50 - Epoch 07 (sst): train loss :: 0.794, train :: 0.785, dev :: 0.521
2026-07-31 14:11:16 - Epoch 08 (sst): train loss :: 0.738, train :: 0.784, dev :: 0.511
2026-07-31 14:11:43 - Epoch 09 (sst): train loss :: 0.699, train :: 0.806, dev :: 0.511
2026-07-31 14:12:10 - Epoch 10 (sst): train loss :: 0.680, train :: 0.809, dev :: 0.514
2026-07-31 14:12:16 - Loaded model to test from models/finetune-10-1e-05-sst.pt
