2026-08-06 15:30:25 - Logfile gestartet für Modell: models/finetune-10-1e-05-sst.pt
2026-08-06 15:30:27 - ------------------------------
2026-08-06 15:30:27 -     BERT Model Configuration
2026-08-06 15:30:27 - ------------------------------
2026-08-06 15:30:27 - {'batch_size': 64,
 'epochs': 10,
 'filepath': 'models/finetune-10-1e-05-sst.pt',
 'hidden_dropout_prob': 0.1,
 'local_files_only': True,
 'lr': 1e-05,
 'option': 'finetune',
 'seed': 11711,
 'task': 'sst',
 'use_gpu': True}
2026-08-06 15:30:27 - ------------------------------
2026-08-06 15:31:01 - Epoch 01 (sst): train loss :: 1.591, train :: 0.454, dev :: 0.435
2026-08-06 15:31:03 - Saving the model to models/finetune-10-1e-05-sst.pt.
2026-08-06 15:31:30 - Epoch 02 (sst): train loss :: 1.493, train :: 0.494, dev :: 0.457
2026-08-06 15:31:32 - Saving the model to models/finetune-10-1e-05-sst.pt.
2026-08-06 15:31:59 - Epoch 03 (sst): train loss :: 1.454, train :: 0.547, dev :: 0.456
2026-08-06 15:32:26 - Epoch 04 (sst): train loss :: 1.425, train :: 0.620, dev :: 0.505
2026-08-06 15:32:28 - Saving the model to models/finetune-10-1e-05-sst.pt.
2026-08-06 15:32:56 - Epoch 05 (sst): train loss :: 1.398, train :: 0.688, dev :: 0.525
2026-08-06 15:32:58 - Saving the model to models/finetune-10-1e-05-sst.pt.
2026-08-06 15:33:25 - Epoch 06 (sst): train loss :: 1.375, train :: 0.717, dev :: 0.514
2026-08-06 15:33:53 - Epoch 07 (sst): train loss :: 1.354, train :: 0.752, dev :: 0.508
2026-08-06 15:34:20 - Epoch 08 (sst): train loss :: 1.336, train :: 0.779, dev :: 0.519
2026-08-06 15:34:47 - Epoch 09 (sst): train loss :: 1.324, train :: 0.791, dev :: 0.517
2026-08-06 15:35:14 - Epoch 10 (sst): train loss :: 1.313, train :: 0.793, dev :: 0.514
2026-08-06 15:35:18 - Loaded model to test from models/finetune-10-1e-05-sst.pt
