2026-08-30 13:43:21 - Logfile gestartet für Modell: models/finetune-10-1e-05-sst.pt
2026-08-30 13:43:23 - ------------------------------
2026-08-30 13:43:23 -     BERT Model Configuration
2026-08-30 13:43:23 - ------------------------------
2026-08-30 13:43:23 - {'batch_size': 64,
 'epochs': 10,
 'filepath': 'models/finetune-10-1e-05-sst.pt',
 'hidden_dropout_prob': 0.3,
 'local_files_only': True,
 'lr': 1e-05,
 'option': 'finetune',
 'seed': 11711,
 'task': 'sst',
 'use_gpu': True}
2026-08-30 13:43:23 - ------------------------------
2026-08-30 13:43:25 - Loading pretrained AllNLI model...
2026-08-30 13:43:27 - Pretrained keys: ['bert.position_ids', 'bert.word_embedding.weight', 'bert.pos_embedding.weight', 'bert.tk_type_embedding.weight', 'bert.embed_layer_norm.weight', 'bert.embed_layer_norm.bias', 'bert.bert_layers.0.self_attention.query.weight', 'bert.bert_layers.0.self_attention.query.bias', 'bert.bert_layers.0.self_attention.key.weight', 'bert.bert_layers.0.self_attention.key.bias', 'bert.bert_layers.0.self_attention.value.weight', 'bert.bert_layers.0.self_attention.value.bias', 'bert.bert_layers.0.attention_dense.weight', 'bert.bert_layers.0.attention_dense.bias', 'bert.bert_layers.0.attention_layer_norm.weight', 'bert.bert_layers.0.attention_layer_norm.bias', 'bert.bert_layers.0.interm_dense.weight', 'bert.bert_layers.0.interm_dense.bias', 'bert.bert_layers.0.out_dense.weight', 'bert.bert_layers.0.out_dense.bias']
2026-08-30 13:43:27 - BERT keys: ['position_ids', 'word_embedding.weight', 'pos_embedding.weight', 'tk_type_embedding.weight', 'embed_layer_norm.weight', 'embed_layer_norm.bias', 'bert_layers.0.self_attention.query.weight', 'bert_layers.0.self_attention.query.bias', 'bert_layers.0.self_attention.key.weight', 'bert_layers.0.self_attention.key.bias', 'bert_layers.0.self_attention.value.weight', 'bert_layers.0.self_attention.value.bias', 'bert_layers.0.attention_dense.weight', 'bert_layers.0.attention_dense.bias', 'bert_layers.0.attention_layer_norm.weight', 'bert_layers.0.attention_layer_norm.bias', 'bert_layers.0.interm_dense.weight', 'bert_layers.0.interm_dense.bias', 'bert_layers.0.out_dense.weight', 'bert_layers.0.out_dense.bias']
2026-08-30 13:43:57 - Epoch 01 (sst): train loss :: 1.636, train :: 0.287, dev :: 0.303
2026-08-30 13:43:59 - Saving the model to models/finetune-10-1e-05-sst.pt.
2026-08-30 13:44:26 - Epoch 02 (sst): train loss :: 1.488, train :: 0.474, dev :: 0.422
2026-08-30 13:44:28 - Saving the model to models/finetune-10-1e-05-sst.pt.
2026-08-30 13:44:55 - Epoch 03 (sst): train loss :: 1.398, train :: 0.589, dev :: 0.463
2026-08-30 13:44:57 - Saving the model to models/finetune-10-1e-05-sst.pt.
2026-08-30 13:45:24 - Epoch 04 (sst): train loss :: 1.340, train :: 0.647, dev :: 0.480
2026-08-30 13:45:26 - Saving the model to models/finetune-10-1e-05-sst.pt.
2026-08-30 13:45:53 - Epoch 05 (sst): train loss :: 1.291, train :: 0.754, dev :: 0.494
2026-08-30 13:45:55 - Saving the model to models/finetune-10-1e-05-sst.pt.
2026-08-30 13:46:22 - Epoch 06 (sst): train loss :: 1.249, train :: 0.734, dev :: 0.478
2026-08-30 13:46:49 - Epoch 07 (sst): train loss :: 1.218, train :: 0.813, dev :: 0.492
2026-08-30 13:47:16 - Epoch 08 (sst): train loss :: 1.189, train :: 0.850, dev :: 0.499
2026-08-30 13:47:17 - Saving the model to models/finetune-10-1e-05-sst.pt.
2026-08-30 13:47:45 - Epoch 09 (sst): train loss :: 1.171, train :: 0.862, dev :: 0.502
2026-08-30 13:47:46 - Saving the model to models/finetune-10-1e-05-sst.pt.
2026-08-30 13:48:14 - Epoch 10 (sst): train loss :: 1.161, train :: 0.860, dev :: 0.497
2026-08-30 13:48:16 - Loaded model to test from models/finetune-10-1e-05-sst.pt
