2026-09-01 13:57:44 - Logfile gestartet für Modell: models/finetune-10-1e-05-sst.pt
2026-09-01 13:57:46 - ------------------------------
2026-09-01 13:57:46 -     BERT Model Configuration
2026-09-01 13:57:46 - ------------------------------
2026-09-01 13:57:46 - {'allnli': True,
 'batch_size': 64,
 'classifier_dropout': 0.3,
 'epochs': 10,
 'filepath': 'models/finetune-10-1e-05-sst.pt',
 'hidden_dropout_prob': 0.1,
 'label_smoothing': 0.3,
 'local_files_only': True,
 'lr': 1e-05,
 'option': 'finetune',
 'seed': 11711,
 'task': 'sst',
 'use_gpu': True,
 'warmup_ratio': 0.1,
 'weight_decay': 0.01}
2026-09-01 13:57:46 - ------------------------------
2026-09-01 13:57:48 - Loading pretrained AllNLI model...
2026-09-01 13:58:21 - Epoch 01 (sst): train loss :: 1.582, train :: 0.465, dev :: 0.435
2026-09-01 13:58:23 - Saving the model to models/finetune-10-1e-05-sst.pt.
2026-09-01 13:58:50 - Epoch 02 (sst): train loss :: 1.441, train :: 0.523, dev :: 0.453
2026-09-01 13:58:52 - Saving the model to models/finetune-10-1e-05-sst.pt.
2026-09-01 13:59:19 - Epoch 03 (sst): train loss :: 1.356, train :: 0.648, dev :: 0.511
2026-09-01 13:59:21 - Saving the model to models/finetune-10-1e-05-sst.pt.
2026-09-01 13:59:48 - Epoch 04 (sst): train loss :: 1.301, train :: 0.724, dev :: 0.520
2026-09-01 13:59:50 - Saving the model to models/finetune-10-1e-05-sst.pt.
2026-09-01 14:00:17 - Epoch 05 (sst): train loss :: 1.256, train :: 0.791, dev :: 0.522
2026-09-01 14:00:19 - Saving the model to models/finetune-10-1e-05-sst.pt.
2026-09-01 14:00:46 - Epoch 06 (sst): train loss :: 1.212, train :: 0.810, dev :: 0.514
2026-09-01 14:01:13 - Epoch 07 (sst): train loss :: 1.184, train :: 0.846, dev :: 0.512
2026-09-01 14:01:40 - Epoch 08 (sst): train loss :: 1.154, train :: 0.868, dev :: 0.516
2026-09-01 14:02:08 - Epoch 09 (sst): train loss :: 1.136, train :: 0.880, dev :: 0.512
2026-09-01 14:02:35 - Epoch 10 (sst): train loss :: 1.125, train :: 0.875, dev :: 0.505
2026-09-01 14:02:44 - Loaded model to test from models/finetune-10-1e-05-sst.pt
