2026-08-04 20:57:51 - Logfile gestartet für Modell: models/finetune-10-1e-05-sst.pt
2026-08-04 20:57:52 - ------------------------------
2026-08-04 20:57:52 -     BERT Model Configuration
2026-08-04 20:57:52 - ------------------------------
2026-08-04 20:57:52 - {'batch_size': 64,
 'epochs': 10,
 'filepath': 'models/finetune-10-1e-05-sst.pt',
 'hidden_dropout_prob': 0.1,
 'local_files_only': True,
 'lr': 1e-05,
 'option': 'finetune',
 'seed': 11711,
 'task': 'sst',
 'use_gpu': True}
2026-08-04 20:57:52 - ------------------------------
2026-08-04 20:58:25 - Epoch 01 (sst): train loss :: 1.589, train :: 0.360, dev :: 0.348
2026-08-04 20:58:27 - Saving the model to models/finetune-10-1e-05-sst.pt.
2026-08-04 20:58:53 - Epoch 02 (sst): train loss :: 1.416, train :: 0.478, dev :: 0.440
2026-08-04 20:58:55 - Saving the model to models/finetune-10-1e-05-sst.pt.
2026-08-04 20:59:22 - Epoch 03 (sst): train loss :: 1.186, train :: 0.549, dev :: 0.486
2026-08-04 20:59:24 - Saving the model to models/finetune-10-1e-05-sst.pt.
2026-08-04 20:59:51 - Epoch 04 (sst): train loss :: 1.055, train :: 0.637, dev :: 0.515
2026-08-04 20:59:53 - Saving the model to models/finetune-10-1e-05-sst.pt.
2026-08-04 21:00:20 - Epoch 05 (sst): train loss :: 0.957, train :: 0.680, dev :: 0.517
2026-08-04 21:00:22 - Saving the model to models/finetune-10-1e-05-sst.pt.
2026-08-04 21:00:49 - Epoch 06 (sst): train loss :: 0.877, train :: 0.724, dev :: 0.517
2026-08-04 21:01:16 - Epoch 07 (sst): train loss :: 0.811, train :: 0.768, dev :: 0.520
2026-08-04 21:01:18 - Saving the model to models/finetune-10-1e-05-sst.pt.
2026-08-04 21:01:45 - Epoch 08 (sst): train loss :: 0.757, train :: 0.772, dev :: 0.505
2026-08-04 21:02:12 - Epoch 09 (sst): train loss :: 0.715, train :: 0.798, dev :: 0.510
2026-08-04 21:02:39 - Epoch 10 (sst): train loss :: 0.695, train :: 0.798, dev :: 0.505
2026-08-04 21:02:41 - Loaded model to test from models/finetune-10-1e-05-sst.pt
