2026-08-04 21:03:52 - Logfile gestartet für Modell: models/finetune-10-1e-05-sst.pt
2026-08-04 21:03:54 - ------------------------------
2026-08-04 21:03:54 -     BERT Model Configuration
2026-08-04 21:03:54 - ------------------------------
2026-08-04 21:03:54 - {'batch_size': 64,
 'epochs': 10,
 'filepath': 'models/finetune-10-1e-05-sst.pt',
 'hidden_dropout_prob': 0.1,
 'local_files_only': True,
 'lr': 1e-05,
 'option': 'finetune',
 'seed': 11711,
 'task': 'sst',
 'use_gpu': True}
2026-08-04 21:03:54 - ------------------------------
2026-08-04 21:04:23 - Epoch 01 (sst): train loss :: 1.589, train :: 0.360, dev :: 0.348
2026-08-04 21:04:25 - Saving the model to models/finetune-10-1e-05-sst.pt.
2026-08-04 21:04:52 - Epoch 02 (sst): train loss :: 1.416, train :: 0.478, dev :: 0.440
2026-08-04 21:04:54 - Saving the model to models/finetune-10-1e-05-sst.pt.
2026-08-04 21:05:20 - Epoch 03 (sst): train loss :: 1.186, train :: 0.549, dev :: 0.486
2026-08-04 21:05:22 - Saving the model to models/finetune-10-1e-05-sst.pt.
2026-08-04 21:05:49 - Epoch 04 (sst): train loss :: 1.055, train :: 0.637, dev :: 0.515
2026-08-04 21:05:51 - Saving the model to models/finetune-10-1e-05-sst.pt.
2026-08-04 21:06:18 - Epoch 05 (sst): train loss :: 0.957, train :: 0.680, dev :: 0.517
2026-08-04 21:06:20 - Saving the model to models/finetune-10-1e-05-sst.pt.
2026-08-04 21:06:47 - Epoch 06 (sst): train loss :: 0.877, train :: 0.724, dev :: 0.517
2026-08-04 21:07:14 - Epoch 07 (sst): train loss :: 0.811, train :: 0.768, dev :: 0.520
2026-08-04 21:07:16 - Saving the model to models/finetune-10-1e-05-sst.pt.
2026-08-04 21:07:43 - Epoch 08 (sst): train loss :: 0.757, train :: 0.772, dev :: 0.505
2026-08-04 21:08:09 - Epoch 09 (sst): train loss :: 0.715, train :: 0.798, dev :: 0.510
2026-08-04 21:08:36 - Epoch 10 (sst): train loss :: 0.695, train :: 0.798, dev :: 0.505
2026-08-04 21:08:39 - Loaded model to test from models/finetune-10-1e-05-sst.pt
