2026-09-06 14:52:37 - Logfile gestartet für Modell: models/labelsmooting0.01finetune-10-2e-05-sst.pt
2026-09-06 14:52:39 - ------------------------------
2026-09-06 14:52:39 -     BERT Model Configuration
2026-09-06 14:52:39 - ------------------------------
2026-09-06 14:52:39 - {'allnli': False,
 'batch_size': 16,
 'classifier_dropout': 0.3,
 'epochs': 10,
 'filepath': 'models/labelsmooting0.01finetune-10-2e-05-sst.pt',
 'hidden_dropout_prob': 0.3,
 'label_smoothing': 0.01,
 'local_files_only': True,
 'lr': 2e-05,
 'option': 'finetune',
 'seed': 11711,
 'task': 'sst',
 'use_gpu': True,
 'warmup_ratio': 0.1,
 'weight_decay': 0.0,
 'yelp': False}
2026-09-06 14:52:39 - ------------------------------
2026-09-06 14:53:17 - Epoch 01 (sst): train loss :: 1.435, train :: 0.473, dev :: 0.437
2026-09-06 14:53:19 - Saving the model to models/labelsmooting0.01finetune-10-2e-05-sst.pt.
2026-09-06 14:53:52 - Epoch 02 (sst): train loss :: 1.116, train :: 0.643, dev :: 0.512
2026-09-06 14:53:54 - Saving the model to models/labelsmooting0.01finetune-10-2e-05-sst.pt.
2026-09-06 14:54:27 - Epoch 03 (sst): train loss :: 0.892, train :: 0.775, dev :: 0.494
2026-09-06 14:55:00 - Epoch 04 (sst): train loss :: 0.689, train :: 0.884, dev :: 0.516
2026-09-06 14:55:02 - Saving the model to models/labelsmooting0.01finetune-10-2e-05-sst.pt.
2026-09-06 14:55:35 - Epoch 05 (sst): train loss :: 0.507, train :: 0.907, dev :: 0.515
2026-09-06 14:56:08 - Epoch 06 (sst): train loss :: 0.375, train :: 0.958, dev :: 0.512
2026-09-06 14:56:40 - Epoch 07 (sst): train loss :: 0.283, train :: 0.957, dev :: 0.511
2026-09-06 14:57:13 - Epoch 08 (sst): train loss :: 0.225, train :: 0.970, dev :: 0.513
2026-09-06 14:57:46 - Epoch 09 (sst): train loss :: 0.193, train :: 0.979, dev :: 0.513
2026-09-06 14:58:19 - Epoch 10 (sst): train loss :: 0.165, train :: 0.982, dev :: 0.512
2026-09-06 14:58:22 - Loaded model to test from models/labelsmooting0.01finetune-10-2e-05-sst.pt
