2026-09-06 22:00:23 - Logfile gestartet für Modell: models/weightdecay0.01finetune-10-2e-05-sst.pt
2026-09-06 22:00:24 - ------------------------------
2026-09-06 22:00:24 -     BERT Model Configuration
2026-09-06 22:00:24 - ------------------------------
2026-09-06 22:00:24 - {'allnli': False,
 'batch_size': 16,
 'classifier_dropout': 0.3,
 'epochs': 10,
 'filepath': 'models/weightdecay0.01finetune-10-2e-05-sst.pt',
 'hidden_dropout_prob': 0.3,
 'label_smoothing': 0.0,
 'local_files_only': True,
 'lr': 2e-05,
 'option': 'finetune',
 'seed': 11711,
 'task': 'sst',
 'use_gpu': True,
 'warmup_ratio': 0.0,
 'weight_decay': 0.0,
 'yelp': False}
2026-09-06 22:00:24 - ------------------------------
2026-09-06 22:01:02 - Epoch 01 (sst): train loss :: 1.287, train :: 0.562, dev :: 0.498
2026-09-06 22:01:04 - Saving the model to models/weightdecay0.01finetune-10-2e-05-sst.pt.
2026-09-06 22:01:37 - Epoch 02 (sst): train loss :: 1.007, train :: 0.669, dev :: 0.513
2026-09-06 22:01:39 - Saving the model to models/weightdecay0.01finetune-10-2e-05-sst.pt.
2026-09-06 22:02:12 - Epoch 03 (sst): train loss :: 0.793, train :: 0.837, dev :: 0.528
2026-09-06 22:02:14 - Saving the model to models/weightdecay0.01finetune-10-2e-05-sst.pt.
2026-09-06 22:02:47 - Epoch 04 (sst): train loss :: 0.593, train :: 0.909, dev :: 0.518
2026-09-06 22:03:20 - Epoch 05 (sst): train loss :: 0.427, train :: 0.905, dev :: 0.509
2026-09-06 22:03:53 - Epoch 06 (sst): train loss :: 0.313, train :: 0.960, dev :: 0.518
2026-09-06 22:04:26 - Epoch 07 (sst): train loss :: 0.224, train :: 0.956, dev :: 0.521
2026-09-06 22:04:59 - Epoch 08 (sst): train loss :: 0.182, train :: 0.975, dev :: 0.512
2026-09-06 22:05:32 - Epoch 09 (sst): train loss :: 0.135, train :: 0.978, dev :: 0.510
2026-09-06 22:06:05 - Epoch 10 (sst): train loss :: 0.118, train :: 0.982, dev :: 0.508
2026-09-06 22:06:08 - Loaded model to test from models/weightdecay0.01finetune-10-2e-05-sst.pt
