2026-09-06 19:56:47 - Logfile gestartet für Modell: models/warmup0.2finetune-10-2e-05-sst.pt
2026-09-06 19:56:48 - ------------------------------
2026-09-06 19:56:48 -     BERT Model Configuration
2026-09-06 19:56:48 - ------------------------------
2026-09-06 19:56:48 - {'allnli': False,
 'batch_size': 16,
 'classifier_dropout': 0.3,
 'epochs': 10,
 'filepath': 'models/warmup0.2finetune-10-2e-05-sst.pt',
 'hidden_dropout_prob': 0.3,
 'label_smoothing': 0.0,
 'local_files_only': True,
 'lr': 2e-05,
 'option': 'finetune',
 'seed': 11711,
 'task': 'sst',
 'use_gpu': True,
 'warmup_ratio': 0.2,
 'weight_decay': 0.0,
 'yelp': False}
2026-09-06 19:56:48 - ------------------------------
2026-09-06 19:57:28 - Epoch 01 (sst): train loss :: 1.497, train :: 0.459, dev :: 0.433
2026-09-06 19:57:30 - Saving the model to models/warmup0.2finetune-10-2e-05-sst.pt.
2026-09-06 19:58:04 - Epoch 02 (sst): train loss :: 1.173, train :: 0.622, dev :: 0.523
2026-09-06 19:58:06 - Saving the model to models/warmup0.2finetune-10-2e-05-sst.pt.
2026-09-06 19:58:39 - Epoch 03 (sst): train loss :: 0.963, train :: 0.750, dev :: 0.511
2026-09-06 19:59:13 - Epoch 04 (sst): train loss :: 0.760, train :: 0.820, dev :: 0.505
