2026-09-06 15:01:27 - Logfile gestartet für Modell: models/warmup0.2finetune-10-2e-05-sst.pt
2026-09-06 15:01:28 - ------------------------------
2026-09-06 15:01:28 -     BERT Model Configuration
2026-09-06 15:01:28 - ------------------------------
2026-09-06 15:01:28 - {'allnli': False,
 'batch_size': 16,
 'classifier_dropout': 0.3,
 'epochs': 10,
 'filepath': 'models/warmup0.2finetune-10-2e-05-sst.pt',
 'hidden_dropout_prob': 0.3,
 'label_smoothing': 0.0,
 'local_files_only': True,
 'lr': 2e-05,
 'option': 'finetune',
 'seed': 11711,
 'task': 'sst',
 'use_gpu': True,
 'warmup_ratio': 0.2,
 'weight_decay': 0.0,
 'yelp': False}
2026-09-06 15:01:28 - ------------------------------
2026-09-06 15:02:07 - Epoch 01 (sst): train loss :: 1.497, train :: 0.459, dev :: 0.433
2026-09-06 15:02:09 - Saving the model to models/warmup0.2finetune-10-2e-05-sst.pt.
2026-09-06 15:02:42 - Epoch 02 (sst): train loss :: 1.173, train :: 0.622, dev :: 0.523
2026-09-06 15:02:44 - Saving the model to models/warmup0.2finetune-10-2e-05-sst.pt.
2026-09-06 15:03:17 - Epoch 03 (sst): train loss :: 0.963, train :: 0.750, dev :: 0.511
2026-09-06 15:03:50 - Epoch 04 (sst): train loss :: 0.760, train :: 0.820, dev :: 0.505
2026-09-06 15:04:23 - Epoch 05 (sst): train loss :: 0.566, train :: 0.866, dev :: 0.502
2026-09-06 15:04:56 - Epoch 06 (sst): train loss :: 0.408, train :: 0.931, dev :: 0.511
2026-09-06 15:05:29 - Epoch 07 (sst): train loss :: 0.301, train :: 0.954, dev :: 0.512
2026-09-06 15:06:02 - Epoch 08 (sst): train loss :: 0.210, train :: 0.973, dev :: 0.510
2026-09-06 15:06:35 - Epoch 09 (sst): train loss :: 0.157, train :: 0.977, dev :: 0.512
2026-09-06 15:07:08 - Epoch 10 (sst): train loss :: 0.122, train :: 0.979, dev :: 0.515
2026-09-06 15:07:11 - Loaded model to test from models/warmup0.2finetune-10-2e-05-sst.pt
