2026-09-06 22:27:21 - Logfile gestartet für Modell: models/weightdecay0.01finetune-10-2e-05-sst.pt
2026-09-06 22:27:22 - ------------------------------
2026-09-06 22:27:22 -     BERT Model Configuration
2026-09-06 22:27:22 - ------------------------------
2026-09-06 22:27:22 - {'allnli': False,
 'batch_size': 16,
 'classifier_dropout': 0.3,
 'epochs': 10,
 'filepath': 'models/weightdecay0.01finetune-10-2e-05-sst.pt',
 'hidden_dropout_prob': 0.3,
 'label_smoothing': 0.0,
 'local_files_only': True,
 'lr': 2e-05,
 'option': 'finetune',
 'seed': 11711,
 'task': 'sst',
 'use_gpu': True,
 'warmup_ratio': 0.1,
 'weight_decay': 0.01,
 'yelp': False}
2026-09-06 22:27:22 - ------------------------------
2026-09-06 22:27:58 - Epoch 01 (sst): train loss :: 1.436, train :: 0.498, dev :: 0.458
2026-09-06 22:28:00 - Saving the model to models/weightdecay0.01finetune-10-2e-05-sst.pt.
2026-09-06 22:28:33 - Epoch 02 (sst): train loss :: 1.105, train :: 0.630, dev :: 0.508
2026-09-06 22:28:35 - Saving the model to models/weightdecay0.01finetune-10-2e-05-sst.pt.
2026-09-06 22:29:09 - Epoch 03 (sst): train loss :: 0.870, train :: 0.790, dev :: 0.519
2026-09-06 22:29:11 - Saving the model to models/weightdecay0.01finetune-10-2e-05-sst.pt.
2026-09-06 22:29:44 - Epoch 04 (sst): train loss :: 0.652, train :: 0.876, dev :: 0.521
2026-09-06 22:29:46 - Saving the model to models/weightdecay0.01finetune-10-2e-05-sst.pt.
2026-09-06 22:30:19 - Epoch 05 (sst): train loss :: 0.470, train :: 0.886, dev :: 0.516
2026-09-06 22:30:52 - Epoch 06 (sst): train loss :: 0.338, train :: 0.954, dev :: 0.523
2026-09-06 22:30:55 - Saving the model to models/weightdecay0.01finetune-10-2e-05-sst.pt.
2026-09-06 22:31:28 - Epoch 07 (sst): train loss :: 0.247, train :: 0.960, dev :: 0.511
2026-09-06 22:32:01 - Epoch 08 (sst): train loss :: 0.189, train :: 0.973, dev :: 0.513
2026-09-06 22:32:34 - Epoch 09 (sst): train loss :: 0.142, train :: 0.978, dev :: 0.514
2026-09-06 22:33:08 - Epoch 10 (sst): train loss :: 0.115, train :: 0.981, dev :: 0.513
2026-09-06 22:33:15 - Loaded model to test from models/weightdecay0.01finetune-10-2e-05-sst.pt
