2026-07-30 18:29:45 - Logfile gestartet für Modell: models/finetune-10-1e-05-sst.pt
2026-07-30 18:29:46 - ------------------------------
2026-07-30 18:29:46 -     BERT Model Configuration
2026-07-30 18:29:46 - ------------------------------
2026-07-30 18:29:46 - {'batch_size': 64,
 'epochs': 10,
 'filepath': 'models/finetune-10-1e-05-sst.pt',
 'hidden_dropout_prob': 0.1,
 'local_files_only': True,
 'lr': 1e-05,
 'option': 'finetune',
 'seed': 11711,
 'task': 'sst',
 'use_gpu': True}
2026-07-30 18:29:46 - ------------------------------
2026-07-30 18:30:17 - Epoch 01 (sst): train loss :: 1.505, train :: 0.469, dev :: 0.441
2026-07-30 18:30:19 - Saving the model to models/finetune-10-1e-05-sst.pt.
2026-07-30 18:30:47 - Epoch 02 (sst): train loss :: 1.278, train :: 0.499, dev :: 0.457
2026-07-30 18:30:49 - Saving the model to models/finetune-10-1e-05-sst.pt.
2026-07-30 18:31:16 - Epoch 03 (sst): train loss :: 1.137, train :: 0.557, dev :: 0.465
2026-07-30 18:31:18 - Saving the model to models/finetune-10-1e-05-sst.pt.
2026-07-30 18:31:45 - Epoch 04 (sst): train loss :: 1.023, train :: 0.641, dev :: 0.508
2026-07-30 18:31:47 - Saving the model to models/finetune-10-1e-05-sst.pt.
2026-07-30 18:32:14 - Epoch 05 (sst): train loss :: 0.922, train :: 0.732, dev :: 0.508
2026-07-30 18:32:41 - Epoch 06 (sst): train loss :: 0.815, train :: 0.736, dev :: 0.496
2026-07-30 18:33:09 - Epoch 07 (sst): train loss :: 0.716, train :: 0.822, dev :: 0.507
2026-07-30 18:33:36 - Epoch 08 (sst): train loss :: 0.615, train :: 0.873, dev :: 0.517
2026-07-30 18:33:38 - Saving the model to models/finetune-10-1e-05-sst.pt.
2026-07-30 18:34:05 - Epoch 09 (sst): train loss :: 0.527, train :: 0.908, dev :: 0.505
2026-07-30 18:34:33 - Epoch 10 (sst): train loss :: 0.432, train :: 0.914, dev :: 0.512
2026-07-30 18:34:38 - Loaded model to test from models/finetune-10-1e-05-sst.pt
